  Rasterizer.cpp
F:\visual studio\Rasterizer\Rasterizer\Rasterizer\tgaimage.h(58,59): warning C4244: '=': conversion from 'float' to 'unsigned char', possible loss of data
  (compiling source file 'Rasterizer.cpp')
  
F:\visual studio\Rasterizer\Rasterizer\Rasterizer\Rasterizer.cpp(42,15): warning C4244: 'initializing': conversion from 'int' to 'float', possible loss of data
F:\visual studio\Rasterizer\Rasterizer\Rasterizer\Rasterizer.cpp(45,9): warning C4244: 'initializing': conversion from 'double' to 'int', possible loss of data
F:\visual studio\Rasterizer\Rasterizer\Rasterizer\Rasterizer.cpp(48,17): warning C4244: 'argument': conversion from 'float' to 'int', possible loss of data
F:\visual studio\Rasterizer\Rasterizer\Rasterizer\Rasterizer.cpp(52,14): warning C4244: 'argument': conversion from 'float' to 'int', possible loss of data
F:\visual studio\Rasterizer\Rasterizer\Rasterizer\Rasterizer.cpp(78,18): warning C4244: '=': conversion from 't' to 't', possible loss of data
F:\visual studio\Rasterizer\Rasterizer\Rasterizer\Rasterizer.cpp(78,18): warning C4244:         with
F:\visual studio\Rasterizer\Rasterizer\Rasterizer\Rasterizer.cpp(78,18): warning C4244:         [
F:\visual studio\Rasterizer\Rasterizer\Rasterizer\Rasterizer.cpp(78,18): warning C4244:             t=int
F:\visual studio\Rasterizer\Rasterizer\Rasterizer\Rasterizer.cpp(78,18): warning C4244:         ]
F:\visual studio\Rasterizer\Rasterizer\Rasterizer\Rasterizer.cpp(78,18): warning C4244:         and
F:\visual studio\Rasterizer\Rasterizer\Rasterizer\Rasterizer.cpp(78,18): warning C4244:         [
F:\visual studio\Rasterizer\Rasterizer\Rasterizer\Rasterizer.cpp(78,18): warning C4244:             t=float
F:\visual studio\Rasterizer\Rasterizer\Rasterizer\Rasterizer.cpp(78,18): warning C4244:         ]
F:\visual studio\Rasterizer\Rasterizer\Rasterizer\Rasterizer.cpp(79,18): warning C4244: '=': conversion from 't' to 't', possible loss of data
F:\visual studio\Rasterizer\Rasterizer\Rasterizer\Rasterizer.cpp(79,18): warning C4244:         with
F:\visual studio\Rasterizer\Rasterizer\Rasterizer\Rasterizer.cpp(79,18): warning C4244:         [
F:\visual studio\Rasterizer\Rasterizer\Rasterizer\Rasterizer.cpp(79,18): warning C4244:             t=int
F:\visual studio\Rasterizer\Rasterizer\Rasterizer\Rasterizer.cpp(79,18): warning C4244:         ]
F:\visual studio\Rasterizer\Rasterizer\Rasterizer\Rasterizer.cpp(79,18): warning C4244:         and
F:\visual studio\Rasterizer\Rasterizer\Rasterizer\Rasterizer.cpp(79,18): warning C4244:         [
F:\visual studio\Rasterizer\Rasterizer\Rasterizer\Rasterizer.cpp(79,18): warning C4244:             t=float
F:\visual studio\Rasterizer\Rasterizer\Rasterizer\Rasterizer.cpp(79,18): warning C4244:         ]
F:\visual studio\Rasterizer\Rasterizer\Rasterizer\Rasterizer.cpp(80,18): warning C4244: '=': conversion from 't' to 't', possible loss of data
F:\visual studio\Rasterizer\Rasterizer\Rasterizer\Rasterizer.cpp(80,18): warning C4244:         with
F:\visual studio\Rasterizer\Rasterizer\Rasterizer\Rasterizer.cpp(80,18): warning C4244:         [
F:\visual studio\Rasterizer\Rasterizer\Rasterizer\Rasterizer.cpp(80,18): warning C4244:             t=int
F:\visual studio\Rasterizer\Rasterizer\Rasterizer\Rasterizer.cpp(80,18): warning C4244:         ]
F:\visual studio\Rasterizer\Rasterizer\Rasterizer\Rasterizer.cpp(80,18): warning C4244:         and
F:\visual studio\Rasterizer\Rasterizer\Rasterizer\Rasterizer.cpp(80,18): warning C4244:         [
F:\visual studio\Rasterizer\Rasterizer\Rasterizer\Rasterizer.cpp(80,18): warning C4244:             t=float
F:\visual studio\Rasterizer\Rasterizer\Rasterizer\Rasterizer.cpp(80,18): warning C4244:         ]
F:\visual studio\Rasterizer\Rasterizer\Rasterizer\Rasterizer.cpp(150,14): warning C4244: 'initializing': conversion from 'double' to 'float', possible loss of data
F:\visual studio\Rasterizer\Rasterizer\Rasterizer\Rasterizer.cpp(182,82): warning C4244: 'argument': conversion from 'float' to 't', possible loss of data
F:\visual studio\Rasterizer\Rasterizer\Rasterizer\Rasterizer.cpp(182,82): warning C4244:         with
F:\visual studio\Rasterizer\Rasterizer\Rasterizer\Rasterizer.cpp(182,82): warning C4244:         [
F:\visual studio\Rasterizer\Rasterizer\Rasterizer\Rasterizer.cpp(182,82): warning C4244:             t=int
F:\visual studio\Rasterizer\Rasterizer\Rasterizer\Rasterizer.cpp(182,82): warning C4244:         ]
F:\visual studio\Rasterizer\Rasterizer\Rasterizer\Rasterizer.cpp(182,47): warning C4244: 'argument': conversion from 'float' to 't', possible loss of data
F:\visual studio\Rasterizer\Rasterizer\Rasterizer\Rasterizer.cpp(182,47): warning C4244:         with
F:\visual studio\Rasterizer\Rasterizer\Rasterizer\Rasterizer.cpp(182,47): warning C4244:         [
F:\visual studio\Rasterizer\Rasterizer\Rasterizer\Rasterizer.cpp(182,47): warning C4244:             t=int
F:\visual studio\Rasterizer\Rasterizer\Rasterizer\Rasterizer.cpp(182,47): warning C4244:         ]
F:\visual studio\Rasterizer\Rasterizer\Rasterizer\Rasterizer.cpp(183,52): warning C4244: 'argument': conversion from 'float' to 't', possible loss of data
F:\visual studio\Rasterizer\Rasterizer\Rasterizer\Rasterizer.cpp(183,52): warning C4244:         with
F:\visual studio\Rasterizer\Rasterizer\Rasterizer\Rasterizer.cpp(183,52): warning C4244:         [
F:\visual studio\Rasterizer\Rasterizer\Rasterizer\Rasterizer.cpp(183,52): warning C4244:             t=int
F:\visual studio\Rasterizer\Rasterizer\Rasterizer\Rasterizer.cpp(183,52): warning C4244:         ]
F:\visual studio\Rasterizer\Rasterizer\Rasterizer\Rasterizer.cpp(183,16): warning C4244: 'argument': conversion from 'float' to 't', possible loss of data
F:\visual studio\Rasterizer\Rasterizer\Rasterizer\Rasterizer.cpp(183,16): warning C4244:         with
F:\visual studio\Rasterizer\Rasterizer\Rasterizer\Rasterizer.cpp(183,16): warning C4244:         [
F:\visual studio\Rasterizer\Rasterizer\Rasterizer\Rasterizer.cpp(183,16): warning C4244:             t=int
F:\visual studio\Rasterizer\Rasterizer\Rasterizer\Rasterizer.cpp(183,16): warning C4244:         ]
F:\visual studio\Rasterizer\Rasterizer\Rasterizer\Rasterizer.cpp(206,22): warning C4244: '+=': conversion from 't' to 't', possible loss of data
F:\visual studio\Rasterizer\Rasterizer\Rasterizer\Rasterizer.cpp(206,22): warning C4244:         with
F:\visual studio\Rasterizer\Rasterizer\Rasterizer\Rasterizer.cpp(206,22): warning C4244:         [
F:\visual studio\Rasterizer\Rasterizer\Rasterizer\Rasterizer.cpp(206,22): warning C4244:             t=float
F:\visual studio\Rasterizer\Rasterizer\Rasterizer\Rasterizer.cpp(206,22): warning C4244:         ]
F:\visual studio\Rasterizer\Rasterizer\Rasterizer\Rasterizer.cpp(206,22): warning C4244:         and
F:\visual studio\Rasterizer\Rasterizer\Rasterizer\Rasterizer.cpp(206,22): warning C4244:         [
F:\visual studio\Rasterizer\Rasterizer\Rasterizer\Rasterizer.cpp(206,22): warning C4244:             t=int
F:\visual studio\Rasterizer\Rasterizer\Rasterizer\Rasterizer.cpp(206,22): warning C4244:         ]
F:\visual studio\Rasterizer\Rasterizer\Rasterizer\Rasterizer.cpp(212,21): warning C4244: '=': conversion from 't' to 'float', possible loss of data
F:\visual studio\Rasterizer\Rasterizer\Rasterizer\Rasterizer.cpp(212,21): warning C4244:         with
F:\visual studio\Rasterizer\Rasterizer\Rasterizer\Rasterizer.cpp(212,21): warning C4244:         [
F:\visual studio\Rasterizer\Rasterizer\Rasterizer\Rasterizer.cpp(212,21): warning C4244:             t=int
F:\visual studio\Rasterizer\Rasterizer\Rasterizer\Rasterizer.cpp(212,21): warning C4244:         ]
F:\visual studio\Rasterizer\Rasterizer\Rasterizer\Rasterizer.cpp(215,102): warning C4244: 'argument': conversion from 'float' to 'unsigned char', possible loss of data
F:\visual studio\Rasterizer\Rasterizer\Rasterizer\Rasterizer.cpp(215,75): warning C4244: 'argument': conversion from 'float' to 'unsigned char', possible loss of data
F:\visual studio\Rasterizer\Rasterizer\Rasterizer\Rasterizer.cpp(215,48): warning C4244: 'argument': conversion from 'float' to 'unsigned char', possible loss of data
F:\visual studio\Rasterizer\Rasterizer\Rasterizer\Rasterizer.cpp(232,11): warning C4244: 'initializing': conversion from 'double' to 'int', possible loss of data
F:\visual studio\Rasterizer\Rasterizer\Rasterizer\Rasterizer.cpp(233,11): warning C4244: 'initializing': conversion from 'double' to 'int', possible loss of data
F:\visual studio\Rasterizer\Rasterizer\Rasterizer\Rasterizer.cpp(234,11): warning C4244: 'initializing': conversion from 'double' to 'int', possible loss of data
F:\visual studio\Rasterizer\Rasterizer\Rasterizer\Rasterizer.cpp(235,11): warning C4244: 'initializing': conversion from 'double' to 'int', possible loss of data
F:\visual studio\Rasterizer\Rasterizer\Rasterizer\geometry.h(118,74): warning C4244: 'argument': conversion from 'float' to 't', possible loss of data
F:\visual studio\Rasterizer\Rasterizer\Rasterizer\geometry.h(118,74): warning C4244:         with
F:\visual studio\Rasterizer\Rasterizer\Rasterizer\geometry.h(118,74): warning C4244:         [
F:\visual studio\Rasterizer\Rasterizer\Rasterizer\geometry.h(118,74): warning C4244:             t=int
F:\visual studio\Rasterizer\Rasterizer\Rasterizer\geometry.h(118,74): warning C4244:         ]
  (compiling source file 'Rasterizer.cpp')
      F:\visual studio\Rasterizer\Rasterizer\Rasterizer\geometry.h(118,74):
      the template instantiation context (the oldest one first) is
          F:\visual studio\Rasterizer\Rasterizer\Rasterizer\Rasterizer.cpp(94,6):
          see reference to class template instantiation 'Vec2<int>' being compiled
          F:\visual studio\Rasterizer\Rasterizer\Rasterizer\geometry.h(118,13):
          while compiling class template member function 'Vec2<int> Vec2<int>::operator *(float) const'
              F:\visual studio\Rasterizer\Rasterizer\Rasterizer\Rasterizer.cpp(139,19):
              see the first reference to 'Vec2<int>::operator *' in 'triangle'
  
F:\visual studio\Rasterizer\Rasterizer\Rasterizer\geometry.h(118,67): warning C4244: 'argument': conversion from 'float' to 't', possible loss of data
F:\visual studio\Rasterizer\Rasterizer\Rasterizer\geometry.h(118,67): warning C4244:         with
F:\visual studio\Rasterizer\Rasterizer\Rasterizer\geometry.h(118,67): warning C4244:         [
F:\visual studio\Rasterizer\Rasterizer\Rasterizer\geometry.h(118,67): warning C4244:             t=int
F:\visual studio\Rasterizer\Rasterizer\Rasterizer\geometry.h(118,67): warning C4244:         ]
  (compiling source file 'Rasterizer.cpp')
  
  Rasterizer.vcxproj -> F:\visual studio\Rasterizer\Rasterizer\x64\Debug\Rasterizer.exe
